   1               		.file	"p.c"
   2               	__SP_H__ = 0x3e
   3               	__SP_L__ = 0x3d
   4               	__SREG__ = 0x3f
   5               	__RAMPZ__ = 0x3b
   6               	__tmp_reg__ = 0
   7               	__zero_reg__ = 1
   8               		.text
   9               	.Ltext0:
  10               		.cfi_sections	.debug_frame
  11               		.section	.text.startup,"ax",@progbits
  12               	.global	main
  14               	main:
  15               	.LFB0:
  16               		.file 1 "p.c"
   1:p.c           **** #include <avr/io.h>
   2:p.c           **** #define SET_LED_ON (PORTD |= 1)
   3:p.c           **** #define SET_LED_OFF (PORTD &= 0xFE)
   4:p.c           **** 
   5:p.c           **** int main(void)
   6:p.c           **** {
  17               		.loc 1 6 1 view -0
  18               		.cfi_startproc
  19               	/* prologue: function */
  20               	/* frame size = 0 */
  21               	/* stack size = 0 */
  22               	.L__stack_usage = 0
   7:p.c           ****     DDRD = 1;
  23               		.loc 1 7 5 view .LVU1
  24               		.loc 1 7 10 is_stmt 0 view .LVU2
  25 0000 81E0      		ldi r24,lo8(1)
  26 0002 8AB9      		out 0xa,r24
   8:p.c           **** 
   9:p.c           **** 	if(sizeof(int) == 2)
  27               		.loc 1 9 2 is_stmt 1 view .LVU3
  10:p.c           ****         SET_LED_ON;
  28               		.loc 1 10 9 view .LVU4
  29 0004 589A      		sbi 0xb,0
  11:p.c           ****     else
  12:p.c           ****         SET_LED_OFF;
  13:p.c           **** }
  30               		.loc 1 13 1 is_stmt 0 view .LVU5
  31 0006 90E0      		ldi r25,0
  32 0008 80E0      		ldi r24,0
  33               	/* epilogue start */
  34 000a 0895      		ret
  35               		.cfi_endproc
  36               	.LFE0:
  38               		.text
  39               	.Letext0:
  40               		.file 2 "/opt/homebrew/Cellar/avr-gcc@9/9.5.0/avr/include/stdint.h"
DEFINED SYMBOLS
                            *ABS*:00000000 p.c
/var/folders/nc/hgfd6qws17d9h8fz8ky_99vh0000gn/T//ccDLybgS.s:2      *ABS*:0000003e __SP_H__
/var/folders/nc/hgfd6qws17d9h8fz8ky_99vh0000gn/T//ccDLybgS.s:3      *ABS*:0000003d __SP_L__
/var/folders/nc/hgfd6qws17d9h8fz8ky_99vh0000gn/T//ccDLybgS.s:4      *ABS*:0000003f __SREG__
/var/folders/nc/hgfd6qws17d9h8fz8ky_99vh0000gn/T//ccDLybgS.s:5      *ABS*:0000003b __RAMPZ__
/var/folders/nc/hgfd6qws17d9h8fz8ky_99vh0000gn/T//ccDLybgS.s:6      *ABS*:00000000 __tmp_reg__
/var/folders/nc/hgfd6qws17d9h8fz8ky_99vh0000gn/T//ccDLybgS.s:7      *ABS*:00000001 __zero_reg__
/var/folders/nc/hgfd6qws17d9h8fz8ky_99vh0000gn/T//ccDLybgS.s:14     .text.startup:00000000 main
/var/folders/nc/hgfd6qws17d9h8fz8ky_99vh0000gn/T//ccDLybgS.s:17     .text.startup:00000000 .Loc.0
/var/folders/nc/hgfd6qws17d9h8fz8ky_99vh0000gn/T//ccDLybgS.s:18     .text.startup:00000000 L0
/var/folders/nc/hgfd6qws17d9h8fz8ky_99vh0000gn/T//ccDLybgS.s:23     .text.startup:00000000 .Loc.1
/var/folders/nc/hgfd6qws17d9h8fz8ky_99vh0000gn/T//ccDLybgS.s:24     .text.startup:00000000 .Loc.2
/var/folders/nc/hgfd6qws17d9h8fz8ky_99vh0000gn/T//ccDLybgS.s:27     .text.startup:00000004 .Loc.3
/var/folders/nc/hgfd6qws17d9h8fz8ky_99vh0000gn/T//ccDLybgS.s:28     .text.startup:00000004 .Loc.4
/var/folders/nc/hgfd6qws17d9h8fz8ky_99vh0000gn/T//ccDLybgS.s:30     .text.startup:00000006 .Loc.5
/var/folders/nc/hgfd6qws17d9h8fz8ky_99vh0000gn/T//ccDLybgS.s:35     .text.startup:0000000c L0
/var/folders/nc/hgfd6qws17d9h8fz8ky_99vh0000gn/T//ccDLybgS.s:38     .text.startup:0000000c L0
                     .debug_frame:00000000 L0
/var/folders/nc/hgfd6qws17d9h8fz8ky_99vh0000gn/T//ccDLybgS.s:111    .debug_abbrev:00000000 .Ldebug_abbrev0
/var/folders/nc/hgfd6qws17d9h8fz8ky_99vh0000gn/T//ccDLybgS.s:211    .debug_ranges:00000000 .Ldebug_ranges0
/var/folders/nc/hgfd6qws17d9h8fz8ky_99vh0000gn/T//ccDLybgS.s:217    .debug_line:00000000 .Ldebug_line0
/var/folders/nc/hgfd6qws17d9h8fz8ky_99vh0000gn/T//ccDLybgS.s:15     .text.startup:00000000 .LFB0
/var/folders/nc/hgfd6qws17d9h8fz8ky_99vh0000gn/T//ccDLybgS.s:36     .text.startup:0000000c .LFE0
/var/folders/nc/hgfd6qws17d9h8fz8ky_99vh0000gn/T//ccDLybgS.s:42     .debug_info:00000000 .Ldebug_info0

NO UNDEFINED SYMBOLS
