   1               		.file	"p.c"
   2               	__SP_H__ = 0x3e
   3               	__SP_L__ = 0x3d
   4               	__SREG__ = 0x3f
   5               	__RAMPZ__ = 0x3b
   6               	__tmp_reg__ = 0
   7               	__zero_reg__ = 1
   8               		.text
   9               	.Ltext0:
  10               		.cfi_sections	.debug_frame
  11               	.global	__vector_1
  13               	__vector_1:
  14               	.LFB0:
  15               		.file 1 "p.c"
   1:p.c           **** #include <avr/io.h>
   2:p.c           **** #include <avr/interrupt.h>
   3:p.c           **** 
   4:p.c           **** 
   5:p.c           **** #define TOGGLE_LED (PORTD ^= 1)
   6:p.c           **** 
   7:p.c           **** 
   8:p.c           **** // Variable tcnt0_reset_value wird bei jedem Timer0-Überlauf als neuer
   9:p.c           **** // Timer-Start-Wert in das TCNT-Register geladen. Hier tcnt0_reset_value
  10:p.c           **** // deklarieren und so initialisieren, dass T0 jede 1/100 s überläuft.
  11:p.c           **** // 20.000.000/1024=19531Hz
  12:p.c           **** // 19531/100s=195
  13:p.c           **** // 256-195 = 61
  14:p.c           **** unsigned char tcnt0_reset_value = 61;
  15:p.c           **** 
  16:p.c           **** // Variable t0_overflows legt die Anzahl der Überläufe fest, welche die LED
  17:p.c           **** // an bzw. aus ist; Wertebereich: 1, 2, ... 100; hier t0_overflows dekla-
  18:p.c           **** // rieren und so initialisieren, dass die LED initial mit 5 Hz blinkt.
  19:p.c           **** unsigned char t0_overflows = 10;
  20:p.c           **** 
  21:p.c           **** 
  22:p.c           **** // Variable t0_overflow_count wird zum Zählen der Timer0-Überläufe seit
  23:p.c           **** // der letzten LED-Zustandsänderung verwendet; Wertebereich: 1, 2, ... 100;
  24:p.c           **** // Deklarieren Sie die Variable und initalisieren Sie sie mit demselben
  25:p.c           **** // Wert wie t0_overflows 
  26:p.c           **** unsigned char t0_overflow_count = 10;
  27:p.c           **** 
  28:p.c           **** 
  29:p.c           **** ISR(INT0_vect)
  30:p.c           **** {
  16               		.loc 1 30 1 view -0
  17               		.cfi_startproc
  18 0000 8F93 8FB7 		__gcc_isr 1
  18      8F93 
  19 0006 9F93      		push r25
  20               	.LCFI0:
  21               		.cfi_def_cfa_offset 3
  22               		.cfi_offset 25, -2
  23               	/* prologue: Signal */
  24               	/* frame size = 0 */
  25               	/* stack size = 1...5 */
  26               	.L__stack_usage = 1 + __gcc_isr.n_pushed
  31:p.c           **** 	// Linksdrehung
  32:p.c           **** 	if (PIND&=2){
  27               		.loc 1 32 2 view .LVU1
  28               		.loc 1 32 10 is_stmt 0 view .LVU2
  29 0008 99B1      		in r25,0x9
  30 000a 9270      		andi r25,lo8(2)
  31 000c 99B9      		out 0x9,r25
  32 000e 8091 0000 		lds r24,t0_overflows
  33               		.loc 1 32 5 view .LVU3
  34 0012 9923      		tst r25
  35 0014 01F0      		breq .L2
  33:p.c           ****         if(t0_overflows == 1) t0_overflows = 1;
  36               		.loc 1 33 9 is_stmt 1 view .LVU4
  37               		.loc 1 33 11 is_stmt 0 view .LVU5
  38 0016 8130      		cpi r24,lo8(1)
  39 0018 01F0      		breq .L1
  34:p.c           ****         else if(t0_overflows <= 9) t0_overflows -= 1;
  40               		.loc 1 34 14 is_stmt 1 view .LVU6
  41               		.loc 1 34 16 is_stmt 0 view .LVU7
  42 001a 8A30      		cpi r24,lo8(10)
  43 001c 00F4      		brsh .L4
  44               		.loc 1 34 36 is_stmt 1 discriminator 1 view .LVU8
  45               		.loc 1 34 49 is_stmt 0 discriminator 1 view .LVU9
  46 001e 8150      		subi r24,lo8(-(-1))
  47               	.L16:
  35:p.c           ****         else if(t0_overflows <= 29) t0_overflows -= 3;
  36:p.c           ****         else if(t0_overflows <= 49) t0_overflows -= 5;
  37:p.c           ****         else if(t0_overflows <= 79) t0_overflows -= 8;
  38:p.c           ****         else if(t0_overflows >= 80) t0_overflows -= 10;
  39:p.c           ****     }
  40:p.c           **** 
  41:p.c           ****     // Rechtsdrehung
  42:p.c           ****     else
  43:p.c           ****     {
  44:p.c           ****         if(t0_overflows <= 9) t0_overflows += 1;
  45:p.c           ****         else if(t0_overflows <= 29) t0_overflows += 3;
  46:p.c           ****         else if(t0_overflows <= 49) t0_overflows += 5;
  47:p.c           ****         else if(t0_overflows <= 79) t0_overflows += 8;
  48:p.c           ****         else if(t0_overflows <= 90) t0_overflows += 10;
  49:p.c           ****         else if(t0_overflows > 90) t0_overflows = 100;
  48               		.loc 1 49 49 discriminator 1 view .LVU10
  49 0020 8093 0000 		sts t0_overflows,r24
  50               	.L1:
  51               	/* epilogue start */
  50:p.c           ****     }
  51:p.c           **** }
  52               		.loc 1 51 1 view .LVU11
  53 0024 9F91      		pop r25
  54 0026 8F91 8FBF 		__gcc_isr 2
  54      8F91 
  55 002c 1895      		reti
  56               	.L4:
  35:p.c           ****         else if(t0_overflows <= 29) t0_overflows -= 3;
  57               		.loc 1 35 14 is_stmt 1 view .LVU12
  35:p.c           ****         else if(t0_overflows <= 29) t0_overflows -= 3;
  58               		.loc 1 35 16 is_stmt 0 view .LVU13
  59 002e 8E31      		cpi r24,lo8(30)
  60 0030 00F4      		brsh .L5
  35:p.c           ****         else if(t0_overflows <= 29) t0_overflows -= 3;
  61               		.loc 1 35 37 is_stmt 1 discriminator 1 view .LVU14
  35:p.c           ****         else if(t0_overflows <= 29) t0_overflows -= 3;
  62               		.loc 1 35 50 is_stmt 0 discriminator 1 view .LVU15
  63 0032 8350      		subi r24,lo8(-(-3))
  64 0034 00C0      		rjmp .L16
  65               	.L5:
  36:p.c           ****         else if(t0_overflows <= 79) t0_overflows -= 8;
  66               		.loc 1 36 14 is_stmt 1 view .LVU16
  36:p.c           ****         else if(t0_overflows <= 79) t0_overflows -= 8;
  67               		.loc 1 36 16 is_stmt 0 view .LVU17
  68 0036 8233      		cpi r24,lo8(50)
  69 0038 00F4      		brsh .L6
  36:p.c           ****         else if(t0_overflows <= 79) t0_overflows -= 8;
  70               		.loc 1 36 37 is_stmt 1 discriminator 1 view .LVU18
  36:p.c           ****         else if(t0_overflows <= 79) t0_overflows -= 8;
  71               		.loc 1 36 50 is_stmt 0 discriminator 1 view .LVU19
  72 003a 8550      		subi r24,lo8(-(-5))
  73 003c 00C0      		rjmp .L16
  74               	.L6:
  37:p.c           ****         else if(t0_overflows >= 80) t0_overflows -= 10;
  75               		.loc 1 37 14 is_stmt 1 view .LVU20
  37:p.c           ****         else if(t0_overflows >= 80) t0_overflows -= 10;
  76               		.loc 1 37 16 is_stmt 0 view .LVU21
  77 003e 8035      		cpi r24,lo8(80)
  78 0040 00F4      		brsh .L7
  37:p.c           ****         else if(t0_overflows >= 80) t0_overflows -= 10;
  79               		.loc 1 37 37 is_stmt 1 discriminator 1 view .LVU22
  37:p.c           ****         else if(t0_overflows >= 80) t0_overflows -= 10;
  80               		.loc 1 37 50 is_stmt 0 discriminator 1 view .LVU23
  81 0042 8850      		subi r24,lo8(-(-8))
  82 0044 00C0      		rjmp .L16
  83               	.L7:
  38:p.c           ****     }
  84               		.loc 1 38 14 is_stmt 1 discriminator 1 view .LVU24
  38:p.c           ****     }
  85               		.loc 1 38 37 discriminator 1 view .LVU25
  38:p.c           ****     }
  86               		.loc 1 38 50 is_stmt 0 discriminator 1 view .LVU26
  87 0046 8A50      		subi r24,lo8(-(-10))
  88 0048 00C0      		rjmp .L16
  89               	.L2:
  44:p.c           ****         else if(t0_overflows <= 29) t0_overflows += 3;
  90               		.loc 1 44 9 is_stmt 1 view .LVU27
  44:p.c           ****         else if(t0_overflows <= 29) t0_overflows += 3;
  91               		.loc 1 44 11 is_stmt 0 view .LVU28
  92 004a 8A30      		cpi r24,lo8(10)
  93 004c 00F4      		brsh .L8
  44:p.c           ****         else if(t0_overflows <= 29) t0_overflows += 3;
  94               		.loc 1 44 31 is_stmt 1 discriminator 1 view .LVU29
  44:p.c           ****         else if(t0_overflows <= 29) t0_overflows += 3;
  95               		.loc 1 44 44 is_stmt 0 discriminator 1 view .LVU30
  96 004e 8F5F      		subi r24,lo8(-(1))
  97 0050 00C0      		rjmp .L16
  98               	.L8:
  45:p.c           ****         else if(t0_overflows <= 49) t0_overflows += 5;
  99               		.loc 1 45 14 is_stmt 1 view .LVU31
  45:p.c           ****         else if(t0_overflows <= 49) t0_overflows += 5;
 100               		.loc 1 45 16 is_stmt 0 view .LVU32
 101 0052 8E31      		cpi r24,lo8(30)
 102 0054 00F4      		brsh .L9
  45:p.c           ****         else if(t0_overflows <= 49) t0_overflows += 5;
 103               		.loc 1 45 37 is_stmt 1 discriminator 1 view .LVU33
  45:p.c           ****         else if(t0_overflows <= 49) t0_overflows += 5;
 104               		.loc 1 45 50 is_stmt 0 discriminator 1 view .LVU34
 105 0056 8D5F      		subi r24,lo8(-(3))
 106 0058 00C0      		rjmp .L16
 107               	.L9:
  46:p.c           ****         else if(t0_overflows <= 79) t0_overflows += 8;
 108               		.loc 1 46 14 is_stmt 1 view .LVU35
  46:p.c           ****         else if(t0_overflows <= 79) t0_overflows += 8;
 109               		.loc 1 46 16 is_stmt 0 view .LVU36
 110 005a 8233      		cpi r24,lo8(50)
 111 005c 00F4      		brsh .L10
  46:p.c           ****         else if(t0_overflows <= 79) t0_overflows += 8;
 112               		.loc 1 46 37 is_stmt 1 discriminator 1 view .LVU37
  46:p.c           ****         else if(t0_overflows <= 79) t0_overflows += 8;
 113               		.loc 1 46 50 is_stmt 0 discriminator 1 view .LVU38
 114 005e 8B5F      		subi r24,lo8(-(5))
 115 0060 00C0      		rjmp .L16
 116               	.L10:
  47:p.c           ****         else if(t0_overflows <= 90) t0_overflows += 10;
 117               		.loc 1 47 14 is_stmt 1 view .LVU39
  47:p.c           ****         else if(t0_overflows <= 90) t0_overflows += 10;
 118               		.loc 1 47 16 is_stmt 0 view .LVU40
 119 0062 8035      		cpi r24,lo8(80)
 120 0064 00F4      		brsh .L11
  47:p.c           ****         else if(t0_overflows <= 90) t0_overflows += 10;
 121               		.loc 1 47 37 is_stmt 1 discriminator 1 view .LVU41
  47:p.c           ****         else if(t0_overflows <= 90) t0_overflows += 10;
 122               		.loc 1 47 50 is_stmt 0 discriminator 1 view .LVU42
 123 0066 885F      		subi r24,lo8(-(8))
 124 0068 00C0      		rjmp .L16
 125               	.L11:
  48:p.c           ****         else if(t0_overflows > 90) t0_overflows = 100;
 126               		.loc 1 48 14 is_stmt 1 view .LVU43
  48:p.c           ****         else if(t0_overflows > 90) t0_overflows = 100;
 127               		.loc 1 48 16 is_stmt 0 view .LVU44
 128 006a 8B35      		cpi r24,lo8(91)
 129 006c 00F4      		brsh .L12
  48:p.c           ****         else if(t0_overflows > 90) t0_overflows = 100;
 130               		.loc 1 48 37 is_stmt 1 discriminator 1 view .LVU45
  48:p.c           ****         else if(t0_overflows > 90) t0_overflows = 100;
 131               		.loc 1 48 50 is_stmt 0 discriminator 1 view .LVU46
 132 006e 865F      		subi r24,lo8(-(10))
 133 0070 00C0      		rjmp .L16
 134               	.L12:
  49:p.c           ****     }
 135               		.loc 1 49 14 is_stmt 1 discriminator 1 view .LVU47
  49:p.c           ****     }
 136               		.loc 1 49 36 discriminator 1 view .LVU48
  49:p.c           ****     }
 137               		.loc 1 49 49 is_stmt 0 discriminator 1 view .LVU49
 138 0072 84E6      		ldi r24,lo8(100)
 139 0074 00C0      		rjmp .L16
 140               		__gcc_isr 0,r24
 141               		.cfi_endproc
 142               	.LFE0:
 144               	.global	__vector_18
 146               	__vector_18:
 147               	.LFB1:
  52:p.c           **** 
  53:p.c           **** 
  54:p.c           **** ISR(TIMER0_OVF_vect)
  55:p.c           **** {
 148               		.loc 1 55 1 is_stmt 1 view -0
 149               		.cfi_startproc
 150 0076 1F92 1FB6 		__gcc_isr 1
 150      1F92 1124 
 150      8F93 
 151 0080 9F93      		push r25
 152               	.LCFI1:
 153               		.cfi_def_cfa_offset 3
 154               		.cfi_offset 25, -2
 155               	/* prologue: Signal */
 156               	/* frame size = 0 */
 157               	/* stack size = 1...5 */
 158               	.L__stack_usage = 1 + __gcc_isr.n_pushed
  56:p.c           **** 	// Timer-Wert wiederherstellen
  57:p.c           **** 	TCNT0 = tcnt0_reset_value;
 159               		.loc 1 57 2 view .LVU51
 160               		.loc 1 57 8 is_stmt 0 view .LVU52
 161 0082 8091 0000 		lds r24,tcnt0_reset_value
 162 0086 86BD      		out 0x26,r24
  58:p.c           **** 
  59:p.c           **** 
  60:p.c           **** 	// t0_overflow_count um 1 verringern
  61:p.c           **** 	t0_overflow_count--;
 163               		.loc 1 61 2 is_stmt 1 view .LVU53
 164               		.loc 1 61 19 is_stmt 0 view .LVU54
 165 0088 8091 0000 		lds r24,t0_overflow_count
 166 008c 8150      		subi r24,lo8(-(-1))
 167 008e 8093 0000 		sts t0_overflow_count,r24
  62:p.c           **** 
  63:p.c           **** 
  64:p.c           **** 	// wenn Zähler t0_overflow_count bei 0 angekommen ist,
  65:p.c           **** 	// t0_overflow_count zurücksetzen und Zustand LED ändern
  66:p.c           **** 	if(t0_overflow_count == 0){
 168               		.loc 1 66 2 is_stmt 1 view .LVU55
 169               		.loc 1 66 4 is_stmt 0 view .LVU56
 170 0092 8111      		cpse r24,__zero_reg__
 171 0094 00C0      		rjmp .L17
  67:p.c           **** 		t0_overflow_count = t0_overflows; // Wert zurücksetzen
 172               		.loc 1 67 3 is_stmt 1 view .LVU57
 173               		.loc 1 67 21 is_stmt 0 view .LVU58
 174 0096 8091 0000 		lds r24,t0_overflows
 175 009a 8093 0000 		sts t0_overflow_count,r24
  68:p.c           **** 		TOGGLE_LED;
 176               		.loc 1 68 3 is_stmt 1 view .LVU59
 177 009e 8BB1      		in r24,0xb
 178 00a0 91E0      		ldi r25,lo8(1)
 179 00a2 8927      		eor r24,r25
 180 00a4 8BB9      		out 0xb,r24
 181               	.L17:
 182               	/* epilogue start */
  69:p.c           **** 	}
  70:p.c           **** 
  71:p.c           **** 
  72:p.c           **** 
  73:p.c           **** 
  74:p.c           **** }
 183               		.loc 1 74 1 is_stmt 0 view .LVU60
 184 00a6 9F91      		pop r25
 185 00a8 8F91 1F90 		__gcc_isr 2
 185      1FBE 1F90 
 186 00b0 1895      		reti
 187               		__gcc_isr 0,r24
 188               		.cfi_endproc
 189               	.LFE1:
 191               		.section	.text.startup,"ax",@progbits
 192               	.global	main
 194               	main:
 195               	.LFB2:
  75:p.c           **** 
  76:p.c           **** 
  77:p.c           **** 
  78:p.c           **** int main(void)
  79:p.c           **** {
 196               		.loc 1 79 1 is_stmt 1 view -0
 197               		.cfi_startproc
 198               	/* prologue: function */
 199               	/* frame size = 0 */
 200               	/* stack size = 0 */
 201               	.L__stack_usage = 0
  80:p.c           **** 
  81:p.c           **** 	// Bit 0 von PORTD als Ausgang festlegen
  82:p.c           **** 	DDRD = 1;
 202               		.loc 1 82 2 view .LVU62
 203               		.loc 1 82 7 is_stmt 0 view .LVU63
 204 0000 81E0      		ldi r24,lo8(1)
 205 0002 8AB9      		out 0xa,r24
  83:p.c           **** 
  84:p.c           **** 	// Interrupts global freischalten
  85:p.c           **** 	SREG = 128;
 206               		.loc 1 85 2 is_stmt 1 view .LVU64
 207               		.loc 1 85 7 is_stmt 0 view .LVU65
 208 0004 90E8      		ldi r25,lo8(-128)
 209 0006 9FBF      		out __SREG__,r25
  86:p.c           **** 
  87:p.c           **** 	// INT0 Interrupt freischalten
  88:p.c           **** 	EIMSK = 1; 
 210               		.loc 1 88 2 is_stmt 1 view .LVU66
 211               		.loc 1 88 8 is_stmt 0 view .LVU67
 212 0008 8DBB      		out 0x1d,r24
  89:p.c           **** 
  90:p.c           **** 	// Für INT0 steigende Flanke als Auslöser auswählen
  91:p.c           **** 	EICRA = 0x3;
 213               		.loc 1 91 2 is_stmt 1 view .LVU68
 214               		.loc 1 91 8 is_stmt 0 view .LVU69
 215 000a 93E0      		ldi r25,lo8(3)
 216 000c 9093 6900 		sts 105,r25
  92:p.c           **** 
  93:p.c           **** 	// Interrupt für Timer0 freischalten
  94:p.c           **** 	TIMSK0=1;
 217               		.loc 1 94 2 is_stmt 1 view .LVU70
 218               		.loc 1 94 8 is_stmt 0 view .LVU71
 219 0010 8093 6E00 		sts 110,r24
  95:p.c           **** 
  96:p.c           **** 	// Prescaler 1024 für Timer0 auswählen
  97:p.c           **** 	TCCR0B=5;
 220               		.loc 1 97 2 is_stmt 1 view .LVU72
 221               		.loc 1 97 8 is_stmt 0 view .LVU73
 222 0014 85E0      		ldi r24,lo8(5)
 223 0016 85BD      		out 0x25,r24
  98:p.c           **** 
  99:p.c           **** 	// TCNT0 mit tcnt0_reset_value initialisieren
 100:p.c           **** 	TCNT0 = tcnt0_reset_value;
 224               		.loc 1 100 2 is_stmt 1 view .LVU74
 225               		.loc 1 100 8 is_stmt 0 view .LVU75
 226 0018 8091 0000 		lds r24,tcnt0_reset_value
 227 001c 86BD      		out 0x26,r24
 228               	.L20:
 101:p.c           **** 
 102:p.c           **** 	//Endlos-Schleife
 103:p.c           **** 	while(1);
 229               		.loc 1 103 2 is_stmt 1 discriminator 1 view .LVU76
 230               		.loc 1 103 10 discriminator 1 view .LVU77
 231               		.loc 1 103 7 discriminator 1 view .LVU78
 232 001e 00C0      		rjmp .L20
 233               		.cfi_endproc
 234               	.LFE2:
 236               	.global	t0_overflow_count
 237               		.data
 240               	t0_overflow_count:
 241 0000 0A        		.byte	10
 242               	.global	t0_overflows
 245               	t0_overflows:
 246 0001 0A        		.byte	10
 247               	.global	tcnt0_reset_value
 250               	tcnt0_reset_value:
 251 0002 3D        		.byte	61
 252               		.text
 253               	.Letext0:
 254               		.file 2 "/opt/homebrew/Cellar/avr-gcc@9/9.5.0/avr/include/stdint.h"
DEFINED SYMBOLS
                            *ABS*:00000000 p.c
/var/folders/nc/hgfd6qws17d9h8fz8ky_99vh0000gn/T//ccrUAOBL.s:2      *ABS*:0000003e __SP_H__
/var/folders/nc/hgfd6qws17d9h8fz8ky_99vh0000gn/T//ccrUAOBL.s:3      *ABS*:0000003d __SP_L__
/var/folders/nc/hgfd6qws17d9h8fz8ky_99vh0000gn/T//ccrUAOBL.s:4      *ABS*:0000003f __SREG__
/var/folders/nc/hgfd6qws17d9h8fz8ky_99vh0000gn/T//ccrUAOBL.s:5      *ABS*:0000003b __RAMPZ__
/var/folders/nc/hgfd6qws17d9h8fz8ky_99vh0000gn/T//ccrUAOBL.s:6      *ABS*:00000000 __tmp_reg__
/var/folders/nc/hgfd6qws17d9h8fz8ky_99vh0000gn/T//ccrUAOBL.s:7      *ABS*:00000001 __zero_reg__
/var/folders/nc/hgfd6qws17d9h8fz8ky_99vh0000gn/T//ccrUAOBL.s:13     .text:00000000 __vector_1
/var/folders/nc/hgfd6qws17d9h8fz8ky_99vh0000gn/T//ccrUAOBL.s:16     .text:00000000 .Loc.0
/var/folders/nc/hgfd6qws17d9h8fz8ky_99vh0000gn/T//ccrUAOBL.s:17     .text:00000000 L0
                            *ABS*:00000002 __gcc_isr.n_pushed.001
/var/folders/nc/hgfd6qws17d9h8fz8ky_99vh0000gn/T//ccrUAOBL.s:27     .text:00000008 .Loc.1
/var/folders/nc/hgfd6qws17d9h8fz8ky_99vh0000gn/T//ccrUAOBL.s:28     .text:00000008 .Loc.2
/var/folders/nc/hgfd6qws17d9h8fz8ky_99vh0000gn/T//ccrUAOBL.s:245    .data:00000001 t0_overflows
/var/folders/nc/hgfd6qws17d9h8fz8ky_99vh0000gn/T//ccrUAOBL.s:33     .text:00000012 .Loc.3
/var/folders/nc/hgfd6qws17d9h8fz8ky_99vh0000gn/T//ccrUAOBL.s:36     .text:00000016 .Loc.4
/var/folders/nc/hgfd6qws17d9h8fz8ky_99vh0000gn/T//ccrUAOBL.s:37     .text:00000016 .Loc.5
/var/folders/nc/hgfd6qws17d9h8fz8ky_99vh0000gn/T//ccrUAOBL.s:40     .text:0000001a .Loc.6
/var/folders/nc/hgfd6qws17d9h8fz8ky_99vh0000gn/T//ccrUAOBL.s:41     .text:0000001a .Loc.7
/var/folders/nc/hgfd6qws17d9h8fz8ky_99vh0000gn/T//ccrUAOBL.s:44     .text:0000001e .Loc.8
/var/folders/nc/hgfd6qws17d9h8fz8ky_99vh0000gn/T//ccrUAOBL.s:45     .text:0000001e .Loc.9
/var/folders/nc/hgfd6qws17d9h8fz8ky_99vh0000gn/T//ccrUAOBL.s:48     .text:00000020 .Loc.10
/var/folders/nc/hgfd6qws17d9h8fz8ky_99vh0000gn/T//ccrUAOBL.s:52     .text:00000024 .Loc.11
/var/folders/nc/hgfd6qws17d9h8fz8ky_99vh0000gn/T//ccrUAOBL.s:57     .text:0000002e .Loc.12
/var/folders/nc/hgfd6qws17d9h8fz8ky_99vh0000gn/T//ccrUAOBL.s:58     .text:0000002e .Loc.13
/var/folders/nc/hgfd6qws17d9h8fz8ky_99vh0000gn/T//ccrUAOBL.s:61     .text:00000032 .Loc.14
/var/folders/nc/hgfd6qws17d9h8fz8ky_99vh0000gn/T//ccrUAOBL.s:62     .text:00000032 .Loc.15
/var/folders/nc/hgfd6qws17d9h8fz8ky_99vh0000gn/T//ccrUAOBL.s:66     .text:00000036 .Loc.16
/var/folders/nc/hgfd6qws17d9h8fz8ky_99vh0000gn/T//ccrUAOBL.s:67     .text:00000036 .Loc.17
/var/folders/nc/hgfd6qws17d9h8fz8ky_99vh0000gn/T//ccrUAOBL.s:70     .text:0000003a .Loc.18
/var/folders/nc/hgfd6qws17d9h8fz8ky_99vh0000gn/T//ccrUAOBL.s:71     .text:0000003a .Loc.19
/var/folders/nc/hgfd6qws17d9h8fz8ky_99vh0000gn/T//ccrUAOBL.s:75     .text:0000003e .Loc.20
/var/folders/nc/hgfd6qws17d9h8fz8ky_99vh0000gn/T//ccrUAOBL.s:76     .text:0000003e .Loc.21
/var/folders/nc/hgfd6qws17d9h8fz8ky_99vh0000gn/T//ccrUAOBL.s:79     .text:00000042 .Loc.22
/var/folders/nc/hgfd6qws17d9h8fz8ky_99vh0000gn/T//ccrUAOBL.s:80     .text:00000042 .Loc.23
/var/folders/nc/hgfd6qws17d9h8fz8ky_99vh0000gn/T//ccrUAOBL.s:84     .text:00000046 .Loc.24
/var/folders/nc/hgfd6qws17d9h8fz8ky_99vh0000gn/T//ccrUAOBL.s:85     .text:00000046 .Loc.25
/var/folders/nc/hgfd6qws17d9h8fz8ky_99vh0000gn/T//ccrUAOBL.s:86     .text:00000046 .Loc.26
/var/folders/nc/hgfd6qws17d9h8fz8ky_99vh0000gn/T//ccrUAOBL.s:90     .text:0000004a .Loc.27
/var/folders/nc/hgfd6qws17d9h8fz8ky_99vh0000gn/T//ccrUAOBL.s:91     .text:0000004a .Loc.28
/var/folders/nc/hgfd6qws17d9h8fz8ky_99vh0000gn/T//ccrUAOBL.s:94     .text:0000004e .Loc.29
/var/folders/nc/hgfd6qws17d9h8fz8ky_99vh0000gn/T//ccrUAOBL.s:95     .text:0000004e .Loc.30
/var/folders/nc/hgfd6qws17d9h8fz8ky_99vh0000gn/T//ccrUAOBL.s:99     .text:00000052 .Loc.31
/var/folders/nc/hgfd6qws17d9h8fz8ky_99vh0000gn/T//ccrUAOBL.s:100    .text:00000052 .Loc.32
/var/folders/nc/hgfd6qws17d9h8fz8ky_99vh0000gn/T//ccrUAOBL.s:103    .text:00000056 .Loc.33
/var/folders/nc/hgfd6qws17d9h8fz8ky_99vh0000gn/T//ccrUAOBL.s:104    .text:00000056 .Loc.34
/var/folders/nc/hgfd6qws17d9h8fz8ky_99vh0000gn/T//ccrUAOBL.s:108    .text:0000005a .Loc.35
/var/folders/nc/hgfd6qws17d9h8fz8ky_99vh0000gn/T//ccrUAOBL.s:109    .text:0000005a .Loc.36
/var/folders/nc/hgfd6qws17d9h8fz8ky_99vh0000gn/T//ccrUAOBL.s:112    .text:0000005e .Loc.37
/var/folders/nc/hgfd6qws17d9h8fz8ky_99vh0000gn/T//ccrUAOBL.s:113    .text:0000005e .Loc.38
/var/folders/nc/hgfd6qws17d9h8fz8ky_99vh0000gn/T//ccrUAOBL.s:117    .text:00000062 .Loc.39
/var/folders/nc/hgfd6qws17d9h8fz8ky_99vh0000gn/T//ccrUAOBL.s:118    .text:00000062 .Loc.40
/var/folders/nc/hgfd6qws17d9h8fz8ky_99vh0000gn/T//ccrUAOBL.s:121    .text:00000066 .Loc.41
/var/folders/nc/hgfd6qws17d9h8fz8ky_99vh0000gn/T//ccrUAOBL.s:122    .text:00000066 .Loc.42
/var/folders/nc/hgfd6qws17d9h8fz8ky_99vh0000gn/T//ccrUAOBL.s:126    .text:0000006a .Loc.43
/var/folders/nc/hgfd6qws17d9h8fz8ky_99vh0000gn/T//ccrUAOBL.s:127    .text:0000006a .Loc.44
/var/folders/nc/hgfd6qws17d9h8fz8ky_99vh0000gn/T//ccrUAOBL.s:130    .text:0000006e .Loc.45
/var/folders/nc/hgfd6qws17d9h8fz8ky_99vh0000gn/T//ccrUAOBL.s:131    .text:0000006e .Loc.46
/var/folders/nc/hgfd6qws17d9h8fz8ky_99vh0000gn/T//ccrUAOBL.s:135    .text:00000072 .Loc.47
/var/folders/nc/hgfd6qws17d9h8fz8ky_99vh0000gn/T//ccrUAOBL.s:136    .text:00000072 .Loc.48
/var/folders/nc/hgfd6qws17d9h8fz8ky_99vh0000gn/T//ccrUAOBL.s:137    .text:00000072 .Loc.49
/var/folders/nc/hgfd6qws17d9h8fz8ky_99vh0000gn/T//ccrUAOBL.s:141    .text:00000076 L0
/var/folders/nc/hgfd6qws17d9h8fz8ky_99vh0000gn/T//ccrUAOBL.s:146    .text:00000076 __vector_18
/var/folders/nc/hgfd6qws17d9h8fz8ky_99vh0000gn/T//ccrUAOBL.s:148    .text:00000076 .Loc.50
/var/folders/nc/hgfd6qws17d9h8fz8ky_99vh0000gn/T//ccrUAOBL.s:149    .text:00000076 L0
                            *ABS*:00000003 __gcc_isr.n_pushed.002
/var/folders/nc/hgfd6qws17d9h8fz8ky_99vh0000gn/T//ccrUAOBL.s:159    .text:00000082 .Loc.51
/var/folders/nc/hgfd6qws17d9h8fz8ky_99vh0000gn/T//ccrUAOBL.s:160    .text:00000082 .Loc.52
/var/folders/nc/hgfd6qws17d9h8fz8ky_99vh0000gn/T//ccrUAOBL.s:250    .data:00000002 tcnt0_reset_value
/var/folders/nc/hgfd6qws17d9h8fz8ky_99vh0000gn/T//ccrUAOBL.s:163    .text:00000088 .Loc.53
/var/folders/nc/hgfd6qws17d9h8fz8ky_99vh0000gn/T//ccrUAOBL.s:164    .text:00000088 .Loc.54
/var/folders/nc/hgfd6qws17d9h8fz8ky_99vh0000gn/T//ccrUAOBL.s:240    .data:00000000 t0_overflow_count
/var/folders/nc/hgfd6qws17d9h8fz8ky_99vh0000gn/T//ccrUAOBL.s:168    .text:00000092 .Loc.55
/var/folders/nc/hgfd6qws17d9h8fz8ky_99vh0000gn/T//ccrUAOBL.s:169    .text:00000092 .Loc.56
/var/folders/nc/hgfd6qws17d9h8fz8ky_99vh0000gn/T//ccrUAOBL.s:172    .text:00000096 .Loc.57
/var/folders/nc/hgfd6qws17d9h8fz8ky_99vh0000gn/T//ccrUAOBL.s:173    .text:00000096 .Loc.58
/var/folders/nc/hgfd6qws17d9h8fz8ky_99vh0000gn/T//ccrUAOBL.s:176    .text:0000009e .Loc.59
/var/folders/nc/hgfd6qws17d9h8fz8ky_99vh0000gn/T//ccrUAOBL.s:183    .text:000000a6 .Loc.60
/var/folders/nc/hgfd6qws17d9h8fz8ky_99vh0000gn/T//ccrUAOBL.s:188    .text:000000b2 L0
/var/folders/nc/hgfd6qws17d9h8fz8ky_99vh0000gn/T//ccrUAOBL.s:194    .text.startup:00000000 main
/var/folders/nc/hgfd6qws17d9h8fz8ky_99vh0000gn/T//ccrUAOBL.s:196    .text.startup:00000000 .Loc.61
/var/folders/nc/hgfd6qws17d9h8fz8ky_99vh0000gn/T//ccrUAOBL.s:197    .text.startup:00000000 L0
/var/folders/nc/hgfd6qws17d9h8fz8ky_99vh0000gn/T//ccrUAOBL.s:202    .text.startup:00000000 .Loc.62
/var/folders/nc/hgfd6qws17d9h8fz8ky_99vh0000gn/T//ccrUAOBL.s:203    .text.startup:00000000 .Loc.63
/var/folders/nc/hgfd6qws17d9h8fz8ky_99vh0000gn/T//ccrUAOBL.s:206    .text.startup:00000004 .Loc.64
/var/folders/nc/hgfd6qws17d9h8fz8ky_99vh0000gn/T//ccrUAOBL.s:207    .text.startup:00000004 .Loc.65
/var/folders/nc/hgfd6qws17d9h8fz8ky_99vh0000gn/T//ccrUAOBL.s:210    .text.startup:00000008 .Loc.66
/var/folders/nc/hgfd6qws17d9h8fz8ky_99vh0000gn/T//ccrUAOBL.s:211    .text.startup:00000008 .Loc.67
/var/folders/nc/hgfd6qws17d9h8fz8ky_99vh0000gn/T//ccrUAOBL.s:213    .text.startup:0000000a .Loc.68
/var/folders/nc/hgfd6qws17d9h8fz8ky_99vh0000gn/T//ccrUAOBL.s:214    .text.startup:0000000a .Loc.69
/var/folders/nc/hgfd6qws17d9h8fz8ky_99vh0000gn/T//ccrUAOBL.s:217    .text.startup:00000010 .Loc.70
/var/folders/nc/hgfd6qws17d9h8fz8ky_99vh0000gn/T//ccrUAOBL.s:218    .text.startup:00000010 .Loc.71
/var/folders/nc/hgfd6qws17d9h8fz8ky_99vh0000gn/T//ccrUAOBL.s:220    .text.startup:00000014 .Loc.72
/var/folders/nc/hgfd6qws17d9h8fz8ky_99vh0000gn/T//ccrUAOBL.s:221    .text.startup:00000014 .Loc.73
/var/folders/nc/hgfd6qws17d9h8fz8ky_99vh0000gn/T//ccrUAOBL.s:224    .text.startup:00000018 .Loc.74
/var/folders/nc/hgfd6qws17d9h8fz8ky_99vh0000gn/T//ccrUAOBL.s:225    .text.startup:00000018 .Loc.75
/var/folders/nc/hgfd6qws17d9h8fz8ky_99vh0000gn/T//ccrUAOBL.s:229    .text.startup:0000001e .Loc.76
/var/folders/nc/hgfd6qws17d9h8fz8ky_99vh0000gn/T//ccrUAOBL.s:230    .text.startup:0000001e .Loc.77
/var/folders/nc/hgfd6qws17d9h8fz8ky_99vh0000gn/T//ccrUAOBL.s:231    .text.startup:0000001e .Loc.78
/var/folders/nc/hgfd6qws17d9h8fz8ky_99vh0000gn/T//ccrUAOBL.s:233    .text.startup:00000020 L0
/var/folders/nc/hgfd6qws17d9h8fz8ky_99vh0000gn/T//ccrUAOBL.s:255    .text:000000b2 L0
/var/folders/nc/hgfd6qws17d9h8fz8ky_99vh0000gn/T//ccrUAOBL.s:237    .text.startup:00000020 L0
                     .debug_frame:00000000 L0
/var/folders/nc/hgfd6qws17d9h8fz8ky_99vh0000gn/T//ccrUAOBL.s:89     .text:0000004a .L2
/var/folders/nc/hgfd6qws17d9h8fz8ky_99vh0000gn/T//ccrUAOBL.s:50     .text:00000024 .L1
/var/folders/nc/hgfd6qws17d9h8fz8ky_99vh0000gn/T//ccrUAOBL.s:56     .text:0000002e .L4
/var/folders/nc/hgfd6qws17d9h8fz8ky_99vh0000gn/T//ccrUAOBL.s:65     .text:00000036 .L5
/var/folders/nc/hgfd6qws17d9h8fz8ky_99vh0000gn/T//ccrUAOBL.s:47     .text:00000020 .L16
/var/folders/nc/hgfd6qws17d9h8fz8ky_99vh0000gn/T//ccrUAOBL.s:74     .text:0000003e .L6
/var/folders/nc/hgfd6qws17d9h8fz8ky_99vh0000gn/T//ccrUAOBL.s:83     .text:00000046 .L7
/var/folders/nc/hgfd6qws17d9h8fz8ky_99vh0000gn/T//ccrUAOBL.s:98     .text:00000052 .L8
/var/folders/nc/hgfd6qws17d9h8fz8ky_99vh0000gn/T//ccrUAOBL.s:107    .text:0000005a .L9
/var/folders/nc/hgfd6qws17d9h8fz8ky_99vh0000gn/T//ccrUAOBL.s:116    .text:00000062 .L10
/var/folders/nc/hgfd6qws17d9h8fz8ky_99vh0000gn/T//ccrUAOBL.s:125    .text:0000006a .L11
/var/folders/nc/hgfd6qws17d9h8fz8ky_99vh0000gn/T//ccrUAOBL.s:134    .text:00000072 .L12
/var/folders/nc/hgfd6qws17d9h8fz8ky_99vh0000gn/T//ccrUAOBL.s:181    .text:000000a6 .L17
/var/folders/nc/hgfd6qws17d9h8fz8ky_99vh0000gn/T//ccrUAOBL.s:228    .text.startup:0000001e .L20
/var/folders/nc/hgfd6qws17d9h8fz8ky_99vh0000gn/T//ccrUAOBL.s:377    .debug_abbrev:00000000 .Ldebug_abbrev0
/var/folders/nc/hgfd6qws17d9h8fz8ky_99vh0000gn/T//ccrUAOBL.s:555    .debug_ranges:00000000 .Ldebug_ranges0
/var/folders/nc/hgfd6qws17d9h8fz8ky_99vh0000gn/T//ccrUAOBL.s:563    .debug_line:00000000 .Ldebug_line0
/var/folders/nc/hgfd6qws17d9h8fz8ky_99vh0000gn/T//ccrUAOBL.s:195    .text.startup:00000000 .LFB2
/var/folders/nc/hgfd6qws17d9h8fz8ky_99vh0000gn/T//ccrUAOBL.s:234    .text.startup:00000020 .LFE2
/var/folders/nc/hgfd6qws17d9h8fz8ky_99vh0000gn/T//ccrUAOBL.s:147    .text:00000076 .LFB1
/var/folders/nc/hgfd6qws17d9h8fz8ky_99vh0000gn/T//ccrUAOBL.s:189    .text:000000b2 .LFE1
/var/folders/nc/hgfd6qws17d9h8fz8ky_99vh0000gn/T//ccrUAOBL.s:510    .debug_loc:00000000 .LLST1
/var/folders/nc/hgfd6qws17d9h8fz8ky_99vh0000gn/T//ccrUAOBL.s:14     .text:00000000 .LFB0
/var/folders/nc/hgfd6qws17d9h8fz8ky_99vh0000gn/T//ccrUAOBL.s:142    .text:00000076 .LFE0
/var/folders/nc/hgfd6qws17d9h8fz8ky_99vh0000gn/T//ccrUAOBL.s:525    .debug_loc:00000022 .LLST0
/var/folders/nc/hgfd6qws17d9h8fz8ky_99vh0000gn/T//ccrUAOBL.s:152    .text:00000082 .LCFI1
/var/folders/nc/hgfd6qws17d9h8fz8ky_99vh0000gn/T//ccrUAOBL.s:20     .text:00000008 .LCFI0
/var/folders/nc/hgfd6qws17d9h8fz8ky_99vh0000gn/T//ccrUAOBL.s:256    .debug_info:00000000 .Ldebug_info0
/var/folders/nc/hgfd6qws17d9h8fz8ky_99vh0000gn/T//ccrUAOBL.s:9      .text:00000000 .Ltext0
/var/folders/nc/hgfd6qws17d9h8fz8ky_99vh0000gn/T//ccrUAOBL.s:253    .text:000000b2 .Letext0

UNDEFINED SYMBOLS
__do_copy_data
