Archive member included to satisfy reference by file (symbol)

/opt/homebrew/Cellar/avr-gcc@9/9.5.0/lib/avr-gcc/9/gcc/avr/9.5.0/avr51/libgcc.a(_exit.o)
                              /opt/homebrew/Cellar/avr-gcc@9/9.5.0/lib/avr-gcc/9/gcc/avr/9.5.0/../../../../../../avr/lib/avr51/crtatmega1284p.o (exit)
/opt/homebrew/Cellar/avr-gcc@9/9.5.0/lib/avr-gcc/9/gcc/avr/9.5.0/avr51/libgcc.a(_copy_data.o)
                              p.o (__do_copy_data)

There are no discarded input sections

Memory Configuration

Name             Origin             Length             Attributes
text             0x00000000         0x00020000         xr
data             0x00800100         0x0000ff00         rw!x
eeprom           0x00810000         0x00010000         rw!x
fuse             0x00820000         0x00000003         rw!x
lock             0x00830000         0x00000400         rw!x
signature        0x00840000         0x00000400         rw!x
user_signatures  0x00850000         0x00000400         rw!x
*default*        0x00000000         0xffffffff

Linker script and memory map

Address of section .data set to 0x800100
LOAD /opt/homebrew/Cellar/avr-gcc@9/9.5.0/lib/avr-gcc/9/gcc/avr/9.5.0/../../../../../../avr/lib/avr51/crtatmega1284p.o
LOAD p.o
LOAD /opt/homebrew/Cellar/avr-gcc@9/9.5.0/lib/avr-gcc/9/gcc/avr/9.5.0/../../../../../../avr/lib/avr51/libm.a
START GROUP
LOAD /opt/homebrew/Cellar/avr-gcc@9/9.5.0/lib/avr-gcc/9/gcc/avr/9.5.0/avr51/libgcc.a
LOAD /opt/homebrew/Cellar/avr-gcc@9/9.5.0/lib/avr-gcc/9/gcc/avr/9.5.0/../../../../../../avr/lib/avr51/libm.a
LOAD /opt/homebrew/Cellar/avr-gcc@9/9.5.0/lib/avr-gcc/9/gcc/avr/9.5.0/../../../../../../avr/lib/avr51/libc.a
LOAD /opt/homebrew/Cellar/avr-gcc@9/9.5.0/lib/avr-gcc/9/gcc/avr/9.5.0/../../../../../../avr/lib/avr51/libatmega1284p.a
END GROUP
                0x00000000                        __TEXT_REGION_ORIGIN__ = DEFINED (__TEXT_REGION_ORIGIN__)?__TEXT_REGION_ORIGIN__:0x0
                0x00020000                        __TEXT_REGION_LENGTH__ = DEFINED (__TEXT_REGION_LENGTH__)?__TEXT_REGION_LENGTH__:0x20000
                0x00800100                        __DATA_REGION_ORIGIN__ = DEFINED (__DATA_REGION_ORIGIN__)?__DATA_REGION_ORIGIN__:0x800100
                0x0000ff00                        __DATA_REGION_LENGTH__ = DEFINED (__DATA_REGION_LENGTH__)?__DATA_REGION_LENGTH__:0xff00
                0x00010000                        __EEPROM_REGION_LENGTH__ = DEFINED (__EEPROM_REGION_LENGTH__)?__EEPROM_REGION_LENGTH__:0x10000
                [0x00000003]                      __FUSE_REGION_LENGTH__ = DEFINED (__FUSE_REGION_LENGTH__)?__FUSE_REGION_LENGTH__:0x400
                0x00000400                        __LOCK_REGION_LENGTH__ = DEFINED (__LOCK_REGION_LENGTH__)?__LOCK_REGION_LENGTH__:0x400
                0x00000400                        __SIGNATURE_REGION_LENGTH__ = DEFINED (__SIGNATURE_REGION_LENGTH__)?__SIGNATURE_REGION_LENGTH__:0x400
                0x00000400                        __USER_SIGNATURE_REGION_LENGTH__ = DEFINED (__USER_SIGNATURE_REGION_LENGTH__)?__USER_SIGNATURE_REGION_LENGTH__:0x400

.hash
 *(.hash)

.dynsym
 *(.dynsym)

.dynstr
 *(.dynstr)

.gnu.version
 *(.gnu.version)

.gnu.version_d
 *(.gnu.version_d)

.gnu.version_r
 *(.gnu.version_r)

.rel.init
 *(.rel.init)

.rela.init
 *(.rela.init)

.rel.text
 *(.rel.text)
 *(.rel.text.*)
 *(.rel.gnu.linkonce.t*)

.rela.text
 *(.rela.text)
 *(.rela.text.*)
 *(.rela.gnu.linkonce.t*)

.rel.fini
 *(.rel.fini)

.rela.fini
 *(.rela.fini)

.rel.rodata
 *(.rel.rodata)
 *(.rel.rodata.*)
 *(.rel.gnu.linkonce.r*)

.rela.rodata
 *(.rela.rodata)
 *(.rela.rodata.*)
 *(.rela.gnu.linkonce.r*)

.rel.data
 *(.rel.data)
 *(.rel.data.*)
 *(.rel.gnu.linkonce.d*)

.rela.data
 *(.rela.data)
 *(.rela.data.*)
 *(.rela.gnu.linkonce.d*)

.rel.ctors
 *(.rel.ctors)

.rela.ctors
 *(.rela.ctors)

.rel.dtors
 *(.rel.dtors)

.rela.dtors
 *(.rela.dtors)

.rel.got
 *(.rel.got)

.rela.got
 *(.rela.got)

.rel.bss
 *(.rel.bss)

.rela.bss
 *(.rela.bss)

.rel.plt
 *(.rel.plt)

.rela.plt
 *(.rela.plt)

.text           0x00000000      0x194
 *(.vectors)
 .vectors       0x00000000       0x8c /opt/homebrew/Cellar/avr-gcc@9/9.5.0/lib/avr-gcc/9/gcc/avr/9.5.0/../../../../../../avr/lib/avr51/crtatmega1284p.o
                0x00000000                __vectors
                0x00000000                __vector_default
 *(.vectors)
                0x0000008c                        __progmem_start = .
 *(.progmem)
 *(.progmem.*)
                0x0000008c                        __progmem_end = .
                0x00000001                        ASSERT (((__progmem_start == __progmem_end) || (__progmem_end <= 0x10000)), .progmem section exceeds 0x10000)
                0x0000008c                        . = ALIGN (0x2)
                0x0000008c                        __trampolines_start = .
 *(.trampolines)
 .trampolines   0x0000008c        0x0 linker stubs
 *(.trampolines*)
                0x0000008c                        __trampolines_end = .
                0x0000008c                        . = ALIGN (0x2)
 *(.lowtext)
 *(.lowtext*)
                0x0000008c                        __ctors_start = .
 *(.ctors)
                0x0000008c                        __ctors_end = .
                0x0000008c                        __dtors_start = .
 *(.dtors)
                0x0000008c                        __dtors_end = .
 SORT_BY_NAME(*)(.ctors)
 SORT_BY_NAME(*)(.dtors)
 *(.init0)
 .init0         0x0000008c        0x0 /opt/homebrew/Cellar/avr-gcc@9/9.5.0/lib/avr-gcc/9/gcc/avr/9.5.0/../../../../../../avr/lib/avr51/crtatmega1284p.o
                0x0000008c                __init
 *(.init0)
 *(.init1)
 *(.init1)
 *(.init2)
 .init2         0x0000008c        0xc /opt/homebrew/Cellar/avr-gcc@9/9.5.0/lib/avr-gcc/9/gcc/avr/9.5.0/../../../../../../avr/lib/avr51/crtatmega1284p.o
 *(.init2)
 *(.init3)
 *(.init3)
 *(.init4)
 .init4         0x00000098       0x1a /opt/homebrew/Cellar/avr-gcc@9/9.5.0/lib/avr-gcc/9/gcc/avr/9.5.0/avr51/libgcc.a(_copy_data.o)
                0x00000098                __do_copy_data
 *(.init4)
 *(.init5)
 *(.init5)
 *(.init6)
 *(.init6)
 *(.init7)
 *(.init7)
 *(.init8)
 *(.init8)
 *(.init9)
 .init9         0x000000b2        0x8 /opt/homebrew/Cellar/avr-gcc@9/9.5.0/lib/avr-gcc/9/gcc/avr/9.5.0/../../../../../../avr/lib/avr51/crtatmega1284p.o
 *(.init9)
 *(.text)
 .text          0x000000ba        0x4 /opt/homebrew/Cellar/avr-gcc@9/9.5.0/lib/avr-gcc/9/gcc/avr/9.5.0/../../../../../../avr/lib/avr51/crtatmega1284p.o
                0x000000ba                __vector_20
                0x000000ba                __vector_28
                0x000000ba                __vector_32
                0x000000ba                __vector_34
                0x000000ba                __vector_24
                0x000000ba                __vector_12
                0x000000ba                __bad_interrupt
                0x000000ba                __vector_6
                0x000000ba                __vector_31
                0x000000ba                __vector_3
                0x000000ba                __vector_23
                0x000000ba                __vector_30
                0x000000ba                __vector_25
                0x000000ba                __vector_11
                0x000000ba                __vector_13
                0x000000ba                __vector_17
                0x000000ba                __vector_19
                0x000000ba                __vector_7
                0x000000ba                __vector_27
                0x000000ba                __vector_5
                0x000000ba                __vector_33
                0x000000ba                __vector_4
                0x000000ba                __vector_9
                0x000000ba                __vector_2
                0x000000ba                __vector_21
                0x000000ba                __vector_15
                0x000000ba                __vector_29
                0x000000ba                __vector_8
                0x000000ba                __vector_26
                0x000000ba                __vector_14
                0x000000ba                __vector_10
                0x000000ba                __vector_16
                0x000000ba                __vector_22
 .text          0x000000be       0xb2 p.o
                0x000000be                __vector_1
                0x00000134                __vector_18
 .text          0x00000170        0x0 /opt/homebrew/Cellar/avr-gcc@9/9.5.0/lib/avr-gcc/9/gcc/avr/9.5.0/avr51/libgcc.a(_exit.o)
 .text          0x00000170        0x0 /opt/homebrew/Cellar/avr-gcc@9/9.5.0/lib/avr-gcc/9/gcc/avr/9.5.0/avr51/libgcc.a(_copy_data.o)
                0x00000170                        . = ALIGN (0x2)
 *(.text.*)
 .text.startup  0x00000170       0x20 p.o
                0x00000170                main
 .text.libgcc.mul
                0x00000190        0x0 /opt/homebrew/Cellar/avr-gcc@9/9.5.0/lib/avr-gcc/9/gcc/avr/9.5.0/avr51/libgcc.a(_exit.o)
 .text.libgcc.div
                0x00000190        0x0 /opt/homebrew/Cellar/avr-gcc@9/9.5.0/lib/avr-gcc/9/gcc/avr/9.5.0/avr51/libgcc.a(_exit.o)
 .text.libgcc   0x00000190        0x0 /opt/homebrew/Cellar/avr-gcc@9/9.5.0/lib/avr-gcc/9/gcc/avr/9.5.0/avr51/libgcc.a(_exit.o)
 .text.libgcc.prologue
                0x00000190        0x0 /opt/homebrew/Cellar/avr-gcc@9/9.5.0/lib/avr-gcc/9/gcc/avr/9.5.0/avr51/libgcc.a(_exit.o)
 .text.libgcc.builtins
                0x00000190        0x0 /opt/homebrew/Cellar/avr-gcc@9/9.5.0/lib/avr-gcc/9/gcc/avr/9.5.0/avr51/libgcc.a(_exit.o)
 .text.libgcc.fmul
                0x00000190        0x0 /opt/homebrew/Cellar/avr-gcc@9/9.5.0/lib/avr-gcc/9/gcc/avr/9.5.0/avr51/libgcc.a(_exit.o)
 .text.libgcc.fixed
                0x00000190        0x0 /opt/homebrew/Cellar/avr-gcc@9/9.5.0/lib/avr-gcc/9/gcc/avr/9.5.0/avr51/libgcc.a(_exit.o)
 .text.libgcc.mul
                0x00000190        0x0 /opt/homebrew/Cellar/avr-gcc@9/9.5.0/lib/avr-gcc/9/gcc/avr/9.5.0/avr51/libgcc.a(_copy_data.o)
 .text.libgcc.div
                0x00000190        0x0 /opt/homebrew/Cellar/avr-gcc@9/9.5.0/lib/avr-gcc/9/gcc/avr/9.5.0/avr51/libgcc.a(_copy_data.o)
 .text.libgcc   0x00000190        0x0 /opt/homebrew/Cellar/avr-gcc@9/9.5.0/lib/avr-gcc/9/gcc/avr/9.5.0/avr51/libgcc.a(_copy_data.o)
 .text.libgcc.prologue
                0x00000190        0x0 /opt/homebrew/Cellar/avr-gcc@9/9.5.0/lib/avr-gcc/9/gcc/avr/9.5.0/avr51/libgcc.a(_copy_data.o)
 .text.libgcc.builtins
                0x00000190        0x0 /opt/homebrew/Cellar/avr-gcc@9/9.5.0/lib/avr-gcc/9/gcc/avr/9.5.0/avr51/libgcc.a(_copy_data.o)
 .text.libgcc.fmul
                0x00000190        0x0 /opt/homebrew/Cellar/avr-gcc@9/9.5.0/lib/avr-gcc/9/gcc/avr/9.5.0/avr51/libgcc.a(_copy_data.o)
 .text.libgcc.fixed
                0x00000190        0x0 /opt/homebrew/Cellar/avr-gcc@9/9.5.0/lib/avr-gcc/9/gcc/avr/9.5.0/avr51/libgcc.a(_copy_data.o)
                0x00000190                        . = ALIGN (0x2)
 *(.fini9)
 .fini9         0x00000190        0x0 /opt/homebrew/Cellar/avr-gcc@9/9.5.0/lib/avr-gcc/9/gcc/avr/9.5.0/avr51/libgcc.a(_exit.o)
                0x00000190                exit
                0x00000190                _exit
 *(.fini9)
 *(.fini8)
 *(.fini8)
 *(.fini7)
 *(.fini7)
 *(.fini6)
 *(.fini6)
 *(.fini5)
 *(.fini5)
 *(.fini4)
 *(.fini4)
 *(.fini3)
 *(.fini3)
 *(.fini2)
 *(.fini2)
 *(.fini1)
 *(.fini1)
 *(.fini0)
 .fini0         0x00000190        0x4 /opt/homebrew/Cellar/avr-gcc@9/9.5.0/lib/avr-gcc/9/gcc/avr/9.5.0/avr51/libgcc.a(_exit.o)
 *(.fini0)
 *(.hightext)
 *(.hightext*)
 *(.progmemx)
 *(.progmemx.*)
                0x00000194                        . = ALIGN (0x2)
 *(.jumptables)
 *(.jumptables*)
                0x00000194                        _etext = .

.data           0x00800100        0x4 load address 0x00000194
                0x00800100                        PROVIDE (__data_start = .)
 *(.data)
 .data          0x00800100        0x0 /opt/homebrew/Cellar/avr-gcc@9/9.5.0/lib/avr-gcc/9/gcc/avr/9.5.0/../../../../../../avr/lib/avr51/crtatmega1284p.o
 .data          0x00800100        0x3 p.o
                0x00800100                t0_overflow_count
                0x00800101                t0_overflows
                0x00800102                tcnt0_reset_value
 .data          0x00800103        0x0 /opt/homebrew/Cellar/avr-gcc@9/9.5.0/lib/avr-gcc/9/gcc/avr/9.5.0/avr51/libgcc.a(_exit.o)
 .data          0x00800103        0x0 /opt/homebrew/Cellar/avr-gcc@9/9.5.0/lib/avr-gcc/9/gcc/avr/9.5.0/avr51/libgcc.a(_copy_data.o)
 *(.data*)
 *(.gnu.linkonce.d*)
 *(.rodata)
 *(.rodata*)
 *(.gnu.linkonce.r*)
                0x00800104                        . = ALIGN (0x2)
 *fill*         0x00800103        0x1 
                0x00800104                        _edata = .
                0x00800104                        PROVIDE (__data_end = .)

.bss            0x00800104        0x0
                [!provide]                        PROVIDE (__bss_start = .)
 *(.bss)
 .bss           0x00800104        0x0 /opt/homebrew/Cellar/avr-gcc@9/9.5.0/lib/avr-gcc/9/gcc/avr/9.5.0/../../../../../../avr/lib/avr51/crtatmega1284p.o
 .bss           0x00800104        0x0 p.o
 .bss           0x00800104        0x0 /opt/homebrew/Cellar/avr-gcc@9/9.5.0/lib/avr-gcc/9/gcc/avr/9.5.0/avr51/libgcc.a(_exit.o)
 .bss           0x00800104        0x0 /opt/homebrew/Cellar/avr-gcc@9/9.5.0/lib/avr-gcc/9/gcc/avr/9.5.0/avr51/libgcc.a(_copy_data.o)
 *(.bss*)
 *(COMMON)
                [!provide]                        PROVIDE (__bss_end = .)
                0x00000194                        __data_load_start = LOADADDR (.data)
                0x00000198                        __data_load_end = (__data_load_start + SIZEOF (.data))

.noinit         0x00800104        0x0
                [!provide]                        PROVIDE (__noinit_start = .)
 *(.noinit .noinit.* .gnu.linkonce.n.*)
                [!provide]                        PROVIDE (__noinit_end = .)
                0x00800104                        _end = .
                [!provide]                        PROVIDE (__heap_start = .)
                0x00000000                        __flmap_init_label = DEFINED (__flmap_noinit_start)?__flmap_noinit_start:0x0
                0x00000000                        __flmap = DEFINED (__flmap)?__flmap:0x0

.eeprom         0x00810000        0x0
 *(.eeprom*)
                0x00810000                        __eeprom_end = .

.fuse
 *(.fuse)
 *(.lfuse)
 *(.hfuse)
 *(.efuse)

.lock
 *(.lock*)

.signature
 *(.signature*)

.stab
 *(.stab)

.stabstr
 *(.stabstr)

.stab.excl
 *(.stab.excl)

.stab.exclstr
 *(.stab.exclstr)

.stab.index
 *(.stab.index)

.stab.indexstr
 *(.stab.indexstr)

.comment        0x00000000       0x24
 *(.comment)
 .comment       0x00000000       0x24 p.o
                                 0x25 (size before relaxing)

.note.gnu.avr.deviceinfo
                0x00000000       0x40
 .note.gnu.avr.deviceinfo
                0x00000000       0x40 /opt/homebrew/Cellar/avr-gcc@9/9.5.0/lib/avr-gcc/9/gcc/avr/9.5.0/../../../../../../avr/lib/avr51/crtatmega1284p.o

.gnu.build.attributes
 *(.gnu.build.attributes .gnu.build.attributes.*)

.note.gnu.build-id
 *(.note.gnu.build-id)

.debug
 *(.debug)

.line
 *(.line)

.debug_srcinfo
 *(.debug_srcinfo)

.debug_sfnames
 *(.debug_sfnames)

.debug_aranges  0x00000000       0x68
 *(.debug_aranges)
 .debug_aranges
                0x00000000       0x28 p.o
 .debug_aranges
                0x00000028       0x20 /opt/homebrew/Cellar/avr-gcc@9/9.5.0/lib/avr-gcc/9/gcc/avr/9.5.0/avr51/libgcc.a(_exit.o)
 .debug_aranges
                0x00000048       0x20 /opt/homebrew/Cellar/avr-gcc@9/9.5.0/lib/avr-gcc/9/gcc/avr/9.5.0/avr51/libgcc.a(_copy_data.o)

.debug_pubnames
 *(.debug_pubnames)

.debug_info     0x00000000      0x8ce
 *(.debug_info .gnu.linkonce.wi.*)
 .debug_info    0x00000000      0x792 /opt/homebrew/Cellar/avr-gcc@9/9.5.0/lib/avr-gcc/9/gcc/avr/9.5.0/../../../../../../avr/lib/avr51/crtatmega1284p.o
 .debug_info    0x00000792       0xf0 p.o
 .debug_info    0x00000882       0x26 /opt/homebrew/Cellar/avr-gcc@9/9.5.0/lib/avr-gcc/9/gcc/avr/9.5.0/avr51/libgcc.a(_exit.o)
 .debug_info    0x000008a8       0x26 /opt/homebrew/Cellar/avr-gcc@9/9.5.0/lib/avr-gcc/9/gcc/avr/9.5.0/avr51/libgcc.a(_copy_data.o)

.debug_abbrev   0x00000000      0x7d5
 *(.debug_abbrev)
 .debug_abbrev  0x00000000      0x729 /opt/homebrew/Cellar/avr-gcc@9/9.5.0/lib/avr-gcc/9/gcc/avr/9.5.0/../../../../../../avr/lib/avr51/crtatmega1284p.o
 .debug_abbrev  0x00000729       0x84 p.o
 .debug_abbrev  0x000007ad       0x14 /opt/homebrew/Cellar/avr-gcc@9/9.5.0/lib/avr-gcc/9/gcc/avr/9.5.0/avr51/libgcc.a(_exit.o)
 .debug_abbrev  0x000007c1       0x14 /opt/homebrew/Cellar/avr-gcc@9/9.5.0/lib/avr-gcc/9/gcc/avr/9.5.0/avr51/libgcc.a(_copy_data.o)

.debug_line     0x00000000      0x4bc
 *(.debug_line .debug_line.* .debug_line_end)
 .debug_line    0x00000000       0x1d /opt/homebrew/Cellar/avr-gcc@9/9.5.0/lib/avr-gcc/9/gcc/avr/9.5.0/../../../../../../avr/lib/avr51/crtatmega1284p.o
 .debug_line    0x0000001d      0x3a1 p.o
 .debug_line    0x000003be       0x5e /opt/homebrew/Cellar/avr-gcc@9/9.5.0/lib/avr-gcc/9/gcc/avr/9.5.0/avr51/libgcc.a(_exit.o)
 .debug_line    0x0000041c       0xa0 /opt/homebrew/Cellar/avr-gcc@9/9.5.0/lib/avr-gcc/9/gcc/avr/9.5.0/avr51/libgcc.a(_copy_data.o)

.debug_frame    0x00000000       0x54
 *(.debug_frame)
 .debug_frame   0x00000000       0x54 p.o

.debug_str      0x00000000      0x489
 *(.debug_str)
 .debug_str     0x00000000      0x296 /opt/homebrew/Cellar/avr-gcc@9/9.5.0/lib/avr-gcc/9/gcc/avr/9.5.0/../../../../../../avr/lib/avr51/crtatmega1284p.o
 .debug_str     0x00000296      0x1f3 p.o
                                0x1a2 (size before relaxing)
 .debug_str     0x00000489        0x0 /opt/homebrew/Cellar/avr-gcc@9/9.5.0/lib/avr-gcc/9/gcc/avr/9.5.0/avr51/libgcc.a(_exit.o)
                                 0x85 (size before relaxing)
 .debug_str     0x00000489        0x0 /opt/homebrew/Cellar/avr-gcc@9/9.5.0/lib/avr-gcc/9/gcc/avr/9.5.0/avr51/libgcc.a(_copy_data.o)
                                 0x85 (size before relaxing)

.debug_loc      0x00000000       0x44
 *(.debug_loc)
 .debug_loc     0x00000000       0x44 p.o

.debug_macinfo
 *(.debug_macinfo)

.debug_weaknames
 *(.debug_weaknames)

.debug_funcnames
 *(.debug_funcnames)

.debug_typenames
 *(.debug_typenames)

.debug_varnames
 *(.debug_varnames)

.debug_pubtypes
 *(.debug_pubtypes)

.debug_ranges   0x00000000       0x18
 *(.debug_ranges)
 .debug_ranges  0x00000000       0x18 p.o

.debug_addr
 *(.debug_addr)

.debug_line_str
 *(.debug_line_str)

.debug_loclists
 *(.debug_loclists)

.debug_macro
 *(.debug_macro)

.debug_names
 *(.debug_names)

.debug_rnglists
 *(.debug_rnglists)

.debug_str_offsets
 *(.debug_str_offsets)

.debug_sup
 *(.debug_sup)
OUTPUT(p.elf elf32-avr)
LOAD linker stubs

Cross Reference Table

Symbol                                            File
__FUSE_REGION_LENGTH__                            /opt/homebrew/Cellar/avr-gcc@9/9.5.0/lib/avr-gcc/9/gcc/avr/9.5.0/../../../../../../avr/lib/avr51/crtatmega1284p.o
__bad_interrupt                                   /opt/homebrew/Cellar/avr-gcc@9/9.5.0/lib/avr-gcc/9/gcc/avr/9.5.0/../../../../../../avr/lib/avr51/crtatmega1284p.o
__data_end                                        /opt/homebrew/Cellar/avr-gcc@9/9.5.0/lib/avr-gcc/9/gcc/avr/9.5.0/avr51/libgcc.a(_copy_data.o)
__data_load_start                                 /opt/homebrew/Cellar/avr-gcc@9/9.5.0/lib/avr-gcc/9/gcc/avr/9.5.0/avr51/libgcc.a(_copy_data.o)
__data_start                                      /opt/homebrew/Cellar/avr-gcc@9/9.5.0/lib/avr-gcc/9/gcc/avr/9.5.0/avr51/libgcc.a(_copy_data.o)
__do_copy_data                                    /opt/homebrew/Cellar/avr-gcc@9/9.5.0/lib/avr-gcc/9/gcc/avr/9.5.0/avr51/libgcc.a(_copy_data.o)
                                                  p.o
__heap_end                                        /opt/homebrew/Cellar/avr-gcc@9/9.5.0/lib/avr-gcc/9/gcc/avr/9.5.0/../../../../../../avr/lib/avr51/crtatmega1284p.o
__init                                            /opt/homebrew/Cellar/avr-gcc@9/9.5.0/lib/avr-gcc/9/gcc/avr/9.5.0/../../../../../../avr/lib/avr51/crtatmega1284p.o
__stack                                           /opt/homebrew/Cellar/avr-gcc@9/9.5.0/lib/avr-gcc/9/gcc/avr/9.5.0/../../../../../../avr/lib/avr51/crtatmega1284p.o
__vector_1                                        p.o
                                                  /opt/homebrew/Cellar/avr-gcc@9/9.5.0/lib/avr-gcc/9/gcc/avr/9.5.0/../../../../../../avr/lib/avr51/crtatmega1284p.o
__vector_10                                       /opt/homebrew/Cellar/avr-gcc@9/9.5.0/lib/avr-gcc/9/gcc/avr/9.5.0/../../../../../../avr/lib/avr51/crtatmega1284p.o
__vector_11                                       /opt/homebrew/Cellar/avr-gcc@9/9.5.0/lib/avr-gcc/9/gcc/avr/9.5.0/../../../../../../avr/lib/avr51/crtatmega1284p.o
__vector_12                                       /opt/homebrew/Cellar/avr-gcc@9/9.5.0/lib/avr-gcc/9/gcc/avr/9.5.0/../../../../../../avr/lib/avr51/crtatmega1284p.o
__vector_13                                       /opt/homebrew/Cellar/avr-gcc@9/9.5.0/lib/avr-gcc/9/gcc/avr/9.5.0/../../../../../../avr/lib/avr51/crtatmega1284p.o
__vector_14                                       /opt/homebrew/Cellar/avr-gcc@9/9.5.0/lib/avr-gcc/9/gcc/avr/9.5.0/../../../../../../avr/lib/avr51/crtatmega1284p.o
__vector_15                                       /opt/homebrew/Cellar/avr-gcc@9/9.5.0/lib/avr-gcc/9/gcc/avr/9.5.0/../../../../../../avr/lib/avr51/crtatmega1284p.o
__vector_16                                       /opt/homebrew/Cellar/avr-gcc@9/9.5.0/lib/avr-gcc/9/gcc/avr/9.5.0/../../../../../../avr/lib/avr51/crtatmega1284p.o
__vector_17                                       /opt/homebrew/Cellar/avr-gcc@9/9.5.0/lib/avr-gcc/9/gcc/avr/9.5.0/../../../../../../avr/lib/avr51/crtatmega1284p.o
__vector_18                                       p.o
                                                  /opt/homebrew/Cellar/avr-gcc@9/9.5.0/lib/avr-gcc/9/gcc/avr/9.5.0/../../../../../../avr/lib/avr51/crtatmega1284p.o
__vector_19                                       /opt/homebrew/Cellar/avr-gcc@9/9.5.0/lib/avr-gcc/9/gcc/avr/9.5.0/../../../../../../avr/lib/avr51/crtatmega1284p.o
__vector_2                                        /opt/homebrew/Cellar/avr-gcc@9/9.5.0/lib/avr-gcc/9/gcc/avr/9.5.0/../../../../../../avr/lib/avr51/crtatmega1284p.o
__vector_20                                       /opt/homebrew/Cellar/avr-gcc@9/9.5.0/lib/avr-gcc/9/gcc/avr/9.5.0/../../../../../../avr/lib/avr51/crtatmega1284p.o
__vector_21                                       /opt/homebrew/Cellar/avr-gcc@9/9.5.0/lib/avr-gcc/9/gcc/avr/9.5.0/../../../../../../avr/lib/avr51/crtatmega1284p.o
__vector_22                                       /opt/homebrew/Cellar/avr-gcc@9/9.5.0/lib/avr-gcc/9/gcc/avr/9.5.0/../../../../../../avr/lib/avr51/crtatmega1284p.o
__vector_23                                       /opt/homebrew/Cellar/avr-gcc@9/9.5.0/lib/avr-gcc/9/gcc/avr/9.5.0/../../../../../../avr/lib/avr51/crtatmega1284p.o
__vector_24                                       /opt/homebrew/Cellar/avr-gcc@9/9.5.0/lib/avr-gcc/9/gcc/avr/9.5.0/../../../../../../avr/lib/avr51/crtatmega1284p.o
__vector_25                                       /opt/homebrew/Cellar/avr-gcc@9/9.5.0/lib/avr-gcc/9/gcc/avr/9.5.0/../../../../../../avr/lib/avr51/crtatmega1284p.o
__vector_26                                       /opt/homebrew/Cellar/avr-gcc@9/9.5.0/lib/avr-gcc/9/gcc/avr/9.5.0/../../../../../../avr/lib/avr51/crtatmega1284p.o
__vector_27                                       /opt/homebrew/Cellar/avr-gcc@9/9.5.0/lib/avr-gcc/9/gcc/avr/9.5.0/../../../../../../avr/lib/avr51/crtatmega1284p.o
__vector_28                                       /opt/homebrew/Cellar/avr-gcc@9/9.5.0/lib/avr-gcc/9/gcc/avr/9.5.0/../../../../../../avr/lib/avr51/crtatmega1284p.o
__vector_29                                       /opt/homebrew/Cellar/avr-gcc@9/9.5.0/lib/avr-gcc/9/gcc/avr/9.5.0/../../../../../../avr/lib/avr51/crtatmega1284p.o
__vector_3                                        /opt/homebrew/Cellar/avr-gcc@9/9.5.0/lib/avr-gcc/9/gcc/avr/9.5.0/../../../../../../avr/lib/avr51/crtatmega1284p.o
__vector_30                                       /opt/homebrew/Cellar/avr-gcc@9/9.5.0/lib/avr-gcc/9/gcc/avr/9.5.0/../../../../../../avr/lib/avr51/crtatmega1284p.o
__vector_31                                       /opt/homebrew/Cellar/avr-gcc@9/9.5.0/lib/avr-gcc/9/gcc/avr/9.5.0/../../../../../../avr/lib/avr51/crtatmega1284p.o
__vector_32                                       /opt/homebrew/Cellar/avr-gcc@9/9.5.0/lib/avr-gcc/9/gcc/avr/9.5.0/../../../../../../avr/lib/avr51/crtatmega1284p.o
__vector_33                                       /opt/homebrew/Cellar/avr-gcc@9/9.5.0/lib/avr-gcc/9/gcc/avr/9.5.0/../../../../../../avr/lib/avr51/crtatmega1284p.o
__vector_34                                       /opt/homebrew/Cellar/avr-gcc@9/9.5.0/lib/avr-gcc/9/gcc/avr/9.5.0/../../../../../../avr/lib/avr51/crtatmega1284p.o
__vector_4                                        /opt/homebrew/Cellar/avr-gcc@9/9.5.0/lib/avr-gcc/9/gcc/avr/9.5.0/../../../../../../avr/lib/avr51/crtatmega1284p.o
__vector_5                                        /opt/homebrew/Cellar/avr-gcc@9/9.5.0/lib/avr-gcc/9/gcc/avr/9.5.0/../../../../../../avr/lib/avr51/crtatmega1284p.o
__vector_6                                        /opt/homebrew/Cellar/avr-gcc@9/9.5.0/lib/avr-gcc/9/gcc/avr/9.5.0/../../../../../../avr/lib/avr51/crtatmega1284p.o
__vector_7                                        /opt/homebrew/Cellar/avr-gcc@9/9.5.0/lib/avr-gcc/9/gcc/avr/9.5.0/../../../../../../avr/lib/avr51/crtatmega1284p.o
__vector_8                                        /opt/homebrew/Cellar/avr-gcc@9/9.5.0/lib/avr-gcc/9/gcc/avr/9.5.0/../../../../../../avr/lib/avr51/crtatmega1284p.o
__vector_9                                        /opt/homebrew/Cellar/avr-gcc@9/9.5.0/lib/avr-gcc/9/gcc/avr/9.5.0/../../../../../../avr/lib/avr51/crtatmega1284p.o
__vector_default                                  /opt/homebrew/Cellar/avr-gcc@9/9.5.0/lib/avr-gcc/9/gcc/avr/9.5.0/../../../../../../avr/lib/avr51/crtatmega1284p.o
__vectors                                         /opt/homebrew/Cellar/avr-gcc@9/9.5.0/lib/avr-gcc/9/gcc/avr/9.5.0/../../../../../../avr/lib/avr51/crtatmega1284p.o
_exit                                             /opt/homebrew/Cellar/avr-gcc@9/9.5.0/lib/avr-gcc/9/gcc/avr/9.5.0/avr51/libgcc.a(_exit.o)
exit                                              /opt/homebrew/Cellar/avr-gcc@9/9.5.0/lib/avr-gcc/9/gcc/avr/9.5.0/avr51/libgcc.a(_exit.o)
                                                  /opt/homebrew/Cellar/avr-gcc@9/9.5.0/lib/avr-gcc/9/gcc/avr/9.5.0/../../../../../../avr/lib/avr51/crtatmega1284p.o
main                                              p.o
                                                  /opt/homebrew/Cellar/avr-gcc@9/9.5.0/lib/avr-gcc/9/gcc/avr/9.5.0/../../../../../../avr/lib/avr51/crtatmega1284p.o
t0_overflow_count                                 p.o
t0_overflows                                      p.o
tcnt0_reset_value                                 p.o
